#
# File created on Sun Oct 16 04:30:42 -0500 2016

Startpoint,Endpoint,DelayType,Slack,#Levels,#LUTs
u_mig_qdr_rev4/u_mig_qdr_rev4_mig/u_qdr_phy_top/u_qdr_rld_mc_phy/qdr_rld_phy_4lanes_0.u_qdr_rld_phy_4lanes/qdr_rld_byte_lane_C.qdr_rld_byte_lane_C/PHASER_OUT_inst.phaser_out/OCLK,u_mig_qdr_rev4/u_mig_qdr_rev4_mig/u_qdr_phy_top/u_qdr_rld_mc_phy/qdr_rld_phy_4lanes_0.u_qdr_rld_phy_4lanes/qdr_rld_byte_lane_C.qdr_rld_byte_lane_C/qdr_rld_byte_group_io/o_serdesd_[5].gen_oserdes_uni.gen_oserdes_uni_notri.oserdes_d_i/D2,max,-0.626,1,0
u_mig_qdr_rev4/u_mig_qdr_rev4_mig/u_qdr_phy_top/u_qdr_rld_mc_phy/qdr_rld_phy_4lanes_0.u_qdr_rld_phy_4lanes/qdr_rld_byte_lane_D.qdr_rld_byte_lane_D/PHASER_OUT_inst.phaser_out/OCLK,u_mig_qdr_rev4/u_mig_qdr_rev4_mig/u_qdr_phy_top/u_qdr_rld_mc_phy/qdr_rld_phy_4lanes_0.u_qdr_rld_phy_4lanes/qdr_rld_byte_lane_D.qdr_rld_byte_lane_D/qdr_rld_byte_group_io/o_serdesd_[7].gen_oserdes_uni.gen_oserdes_uni_notri.oserdes_d_i/D3,max,-0.589,1,0
u_mig_qdr_rev4/u_mig_qdr_rev4_mig/u_qdr_phy_top/u_qdr_rld_mc_phy/qdr_rld_phy_4lanes_0.u_qdr_rld_phy_4lanes/qdr_rld_byte_lane_D.qdr_rld_byte_lane_D/PHASER_OUT_inst.phaser_out/OCLK,u_mig_qdr_rev4/u_mig_qdr_rev4_mig/u_qdr_phy_top/u_qdr_rld_mc_phy/qdr_rld_phy_4lanes_0.u_qdr_rld_phy_4lanes/qdr_rld_byte_lane_D.qdr_rld_byte_lane_D/qdr_rld_byte_group_io/o_serdesd_[8].gen_oserdes_uni.gen_oserdes_uni_notri.oserdes_d_i/D3,max,-0.589,1,0
u_mig_qdr_rev4/u_mig_qdr_rev4_mig/u_qdr_phy_top/u_qdr_rld_mc_phy/qdr_rld_phy_4lanes_0.u_qdr_rld_phy_4lanes/qdr_rld_byte_lane_D.qdr_rld_byte_lane_D/PHASER_OUT_inst.phaser_out/OCLK,u_mig_qdr_rev4/u_mig_qdr_rev4_mig/u_qdr_phy_top/u_qdr_rld_mc_phy/qdr_rld_phy_4lanes_0.u_qdr_rld_phy_4lanes/qdr_rld_byte_lane_D.qdr_rld_byte_lane_D/qdr_rld_byte_group_io/o_serdesd_[7].gen_oserdes_uni.gen_oserdes_uni_notri.oserdes_d_i/D1,max,-0.563,1,0
u_mig_qdr_rev4/u_mig_qdr_rev4_mig/u_qdr_phy_top/u_qdr_rld_mc_phy/qdr_rld_phy_4lanes_0.u_qdr_rld_phy_4lanes/qdr_rld_byte_lane_D.qdr_rld_byte_lane_D/PHASER_OUT_inst.phaser_out/OCLK,u_mig_qdr_rev4/u_mig_qdr_rev4_mig/u_qdr_phy_top/u_qdr_rld_mc_phy/qdr_rld_phy_4lanes_0.u_qdr_rld_phy_4lanes/qdr_rld_byte_lane_D.qdr_rld_byte_lane_D/qdr_rld_byte_group_io/o_serdesd_[7].gen_oserdes_uni.gen_oserdes_uni_notri.oserdes_d_i/D4,max,-0.563,1,0
u_mig_qdr_rev4/u_mig_qdr_rev4_mig/u_qdr_phy_top/u_qdr_rld_mc_phy/qdr_rld_phy_4lanes_0.u_qdr_rld_phy_4lanes/qdr_rld_byte_lane_D.qdr_rld_byte_lane_D/PHASER_OUT_inst.phaser_out/OCLK,u_mig_qdr_rev4/u_mig_qdr_rev4_mig/u_qdr_phy_top/u_qdr_rld_mc_phy/qdr_rld_phy_4lanes_0.u_qdr_rld_phy_4lanes/qdr_rld_byte_lane_D.qdr_rld_byte_lane_D/qdr_rld_byte_group_io/o_serdesd_[8].gen_oserdes_uni.gen_oserdes_uni_notri.oserdes_d_i/D1,max,-0.563,1,0
u_mig_qdr_rev4/u_mig_qdr_rev4_mig/u_qdr_phy_top/u_qdr_rld_mc_phy/qdr_rld_phy_4lanes_0.u_qdr_rld_phy_4lanes/qdr_rld_byte_lane_D.qdr_rld_byte_lane_D/PHASER_OUT_inst.phaser_out/OCLK,u_mig_qdr_rev4/u_mig_qdr_rev4_mig/u_qdr_phy_top/u_qdr_rld_mc_phy/qdr_rld_phy_4lanes_0.u_qdr_rld_phy_4lanes/qdr_rld_byte_lane_D.qdr_rld_byte_lane_D/qdr_rld_byte_group_io/o_serdesd_[8].gen_oserdes_uni.gen_oserdes_uni_notri.oserdes_d_i/D4,max,-0.563,1,0
u_mig_qdr_rev4/u_mig_qdr_rev4_mig/u_qdr_phy_top/u_qdr_rld_mc_phy/qdr_rld_phy_4lanes_0.u_qdr_rld_phy_4lanes/qdr_rld_byte_lane_C.qdr_rld_byte_lane_C/PHASER_OUT_inst.phaser_out/OCLK,u_mig_qdr_rev4/u_mig_qdr_rev4_mig/u_qdr_phy_top/u_qdr_rld_mc_phy/qdr_rld_phy_4lanes_0.u_qdr_rld_phy_4lanes/qdr_rld_byte_lane_C.qdr_rld_byte_lane_C/qdr_rld_byte_group_io/o_serdesd_[10].gen_oserdes_uni.gen_oserdes_uni_notri.oserdes_d_i/D1,max,-0.561,1,0
u_mig_qdr_rev4/u_mig_qdr_rev4_mig/u_qdr_phy_top/u_qdr_rld_mc_phy/qdr_rld_phy_4lanes_0.u_qdr_rld_phy_4lanes/qdr_rld_byte_lane_C.qdr_rld_byte_lane_C/PHASER_OUT_inst.phaser_out/OCLK,u_mig_qdr_rev4/u_mig_qdr_rev4_mig/u_qdr_phy_top/u_qdr_rld_mc_phy/qdr_rld_phy_4lanes_0.u_qdr_rld_phy_4lanes/qdr_rld_byte_lane_C.qdr_rld_byte_lane_C/qdr_rld_byte_group_io/o_serdesd_[10].gen_oserdes_uni.gen_oserdes_uni_notri.oserdes_d_i/D4,max,-0.561,1,0
u_mig_qdr_rev4/u_mig_qdr_rev4_mig/u_qdr_phy_top/u_qdr_rld_mc_phy/qdr_rld_phy_4lanes_0.u_qdr_rld_phy_4lanes/qdr_rld_byte_lane_C.qdr_rld_byte_lane_C/PHASER_OUT_inst.phaser_out/OCLK,u_mig_qdr_rev4/u_mig_qdr_rev4_mig/u_qdr_phy_top/u_qdr_rld_mc_phy/qdr_rld_phy_4lanes_0.u_qdr_rld_phy_4lanes/qdr_rld_byte_lane_C.qdr_rld_byte_lane_C/qdr_rld_byte_group_io/o_serdesd_[11].gen_oserdes_uni.gen_oserdes_uni_notri.oserdes_d_i/D2,max,-0.559,1,0
u_mig_qdr_rev4/u_mig_qdr_rev4_mig/u_qdr_phy_top/u_qdr_rld_mc_phy/qdr_rld_phy_4lanes_0.u_qdr_rld_phy_4lanes/qdr_rld_byte_lane_C.qdr_rld_byte_lane_C/PHASER_OUT_inst.phaser_out/OCLK,u_mig_qdr_rev4/u_mig_qdr_rev4_mig/u_qdr_phy_top/u_qdr_rld_mc_phy/qdr_rld_phy_4lanes_0.u_qdr_rld_phy_4lanes/qdr_rld_byte_lane_C.qdr_rld_byte_lane_C/qdr_rld_byte_group_io/o_serdesd_[10].gen_oserdes_uni.gen_oserdes_uni_notri.oserdes_d_i/D2,max,-0.552,1,0
u_mig_qdr_rev4/u_mig_qdr_rev4_mig/u_qdr_phy_top/u_qdr_rld_mc_phy/qdr_rld_phy_4lanes_0.u_qdr_rld_phy_4lanes/qdr_rld_byte_lane_C.qdr_rld_byte_lane_C/PHASER_OUT_inst.phaser_out/OCLK,u_mig_qdr_rev4/u_mig_qdr_rev4_mig/u_qdr_phy_top/u_qdr_rld_mc_phy/qdr_rld_phy_4lanes_0.u_qdr_rld_phy_4lanes/qdr_rld_byte_lane_C.qdr_rld_byte_lane_C/qdr_rld_byte_group_io/o_serdesd_[6].gen_oserdes_uni.gen_oserdes_uni_notri.oserdes_d_i/D2,max,-0.551,1,0
u_mig_qdr_rev4/u_mig_qdr_rev4_mig/u_qdr_phy_top/u_qdr_rld_mc_phy/qdr_rld_phy_4lanes_0.u_qdr_rld_phy_4lanes/qdr_rld_byte_lane_C.qdr_rld_byte_lane_C/PHASER_OUT_inst.phaser_out/OCLK,u_mig_qdr_rev4/u_mig_qdr_rev4_mig/u_qdr_phy_top/u_qdr_rld_mc_phy/qdr_rld_phy_4lanes_0.u_qdr_rld_phy_4lanes/qdr_rld_byte_lane_C.qdr_rld_byte_lane_C/qdr_rld_byte_group_io/o_serdesd_[5].gen_oserdes_uni.gen_oserdes_uni_notri.oserdes_d_i/D3,max,-0.544,1,0
u_mig_qdr_rev4/u_mig_qdr_rev4_mig/u_qdr_phy_top/u_qdr_rld_mc_phy/qdr_rld_phy_4lanes_0.u_qdr_rld_phy_4lanes/qdr_rld_byte_lane_D.qdr_rld_byte_lane_D/PHASER_OUT_inst.phaser_out/OCLK,u_mig_qdr_rev4/u_mig_qdr_rev4_mig/u_qdr_phy_top/u_qdr_rld_mc_phy/qdr_rld_phy_4lanes_0.u_qdr_rld_phy_4lanes/qdr_rld_byte_lane_D.qdr_rld_byte_lane_D/qdr_rld_byte_group_io/o_serdesd_[5].gen_oserdes_uni.gen_oserdes_uni_notri.oserdes_d_i/D2,max,-0.543,1,0
u_mig_qdr_rev4/u_mig_qdr_rev4_mig/u_qdr_phy_top/u_qdr_rld_mc_phy/qdr_rld_phy_4lanes_0.u_qdr_rld_phy_4lanes/qdr_rld_byte_lane_C.qdr_rld_byte_lane_C/PHASER_OUT_inst.phaser_out/OCLK,u_mig_qdr_rev4/u_mig_qdr_rev4_mig/u_qdr_phy_top/u_qdr_rld_mc_phy/qdr_rld_phy_4lanes_0.u_qdr_rld_phy_4lanes/qdr_rld_byte_lane_C.qdr_rld_byte_lane_C/qdr_rld_byte_group_io/o_serdesd_[11].gen_oserdes_uni.gen_oserdes_uni_notri.oserdes_d_i/D3,max,-0.542,1,0
u_mig_qdr_rev4/u_mig_qdr_rev4_mig/u_qdr_phy_top/u_qdr_rld_mc_phy/qdr_rld_phy_4lanes_0.u_qdr_rld_phy_4lanes/qdr_rld_byte_lane_C.qdr_rld_byte_lane_C/PHASER_OUT_inst.phaser_out/OCLK,u_mig_qdr_rev4/u_mig_qdr_rev4_mig/u_qdr_phy_top/u_qdr_rld_mc_phy/qdr_rld_phy_4lanes_0.u_qdr_rld_phy_4lanes/qdr_rld_byte_lane_C.qdr_rld_byte_lane_C/qdr_rld_byte_group_io/o_serdesd_[6].gen_oserdes_uni.gen_oserdes_uni_notri.oserdes_d_i/D1,max,-0.542,1,0
u_mig_qdr_rev4/u_mig_qdr_rev4_mig/u_qdr_phy_top/u_qdr_rld_mc_phy/qdr_rld_phy_4lanes_0.u_qdr_rld_phy_4lanes/qdr_rld_byte_lane_C.qdr_rld_byte_lane_C/PHASER_OUT_inst.phaser_out/OCLK,u_mig_qdr_rev4/u_mig_qdr_rev4_mig/u_qdr_phy_top/u_qdr_rld_mc_phy/qdr_rld_phy_4lanes_0.u_qdr_rld_phy_4lanes/qdr_rld_byte_lane_C.qdr_rld_byte_lane_C/qdr_rld_byte_group_io/o_serdesd_[6].gen_oserdes_uni.gen_oserdes_uni_notri.oserdes_d_i/D4,max,-0.542,1,0
u_mig_qdr_rev4/u_mig_qdr_rev4_mig/u_qdr_phy_top/u_qdr_rld_mc_phy/qdr_rld_phy_4lanes_0.u_qdr_rld_phy_4lanes/qdr_rld_byte_lane_C.qdr_rld_byte_lane_C/PHASER_OUT_inst.phaser_out/OCLK,u_mig_qdr_rev4/u_mig_qdr_rev4_mig/u_qdr_phy_top/u_qdr_rld_mc_phy/qdr_rld_phy_4lanes_0.u_qdr_rld_phy_4lanes/qdr_rld_byte_lane_C.qdr_rld_byte_lane_C/qdr_rld_byte_group_io/o_serdesd_[5].gen_oserdes_uni.gen_oserdes_uni_notri.oserdes_d_i/D1,max,-0.541,1,0
u_mig_qdr_rev4/u_mig_qdr_rev4_mig/u_qdr_phy_top/u_qdr_rld_mc_phy/qdr_rld_phy_4lanes_0.u_qdr_rld_phy_4lanes/qdr_rld_byte_lane_C.qdr_rld_byte_lane_C/PHASER_OUT_inst.phaser_out/OCLK,u_mig_qdr_rev4/u_mig_qdr_rev4_mig/u_qdr_phy_top/u_qdr_rld_mc_phy/qdr_rld_phy_4lanes_0.u_qdr_rld_phy_4lanes/qdr_rld_byte_lane_C.qdr_rld_byte_lane_C/qdr_rld_byte_group_io/o_serdesd_[5].gen_oserdes_uni.gen_oserdes_uni_notri.oserdes_d_i/D4,max,-0.541,1,0
u_mig_qdr_rev4/u_mig_qdr_rev4_mig/u_qdr_phy_top/u_qdr_rld_mc_phy/qdr_rld_phy_4lanes_0.u_qdr_rld_phy_4lanes/qdr_rld_byte_lane_C.qdr_rld_byte_lane_C/PHASER_OUT_inst.phaser_out/OCLK,u_mig_qdr_rev4/u_mig_qdr_rev4_mig/u_qdr_phy_top/u_qdr_rld_mc_phy/qdr_rld_phy_4lanes_0.u_qdr_rld_phy_4lanes/qdr_rld_byte_lane_C.qdr_rld_byte_lane_C/qdr_rld_byte_group_io/o_serdesd_[6].gen_oserdes_uni.gen_oserdes_uni_notri.oserdes_d_i/D3,max,-0.541,1,0
u_mig_qdr_rev4/u_mig_qdr_rev4_mig/u_qdr_phy_top/u_qdr_rld_mc_phy/qdr_rld_phy_4lanes_0.u_qdr_rld_phy_4lanes/qdr_rld_byte_lane_D.qdr_rld_byte_lane_D/PHASER_OUT_inst.phaser_out/OCLK,u_mig_qdr_rev4/u_mig_qdr_rev4_mig/u_qdr_phy_top/u_qdr_rld_mc_phy/qdr_rld_phy_4lanes_0.u_qdr_rld_phy_4lanes/qdr_rld_byte_lane_D.qdr_rld_byte_lane_D/qdr_rld_byte_group_io/o_serdesd_[5].gen_oserdes_uni.gen_oserdes_uni_notri.oserdes_d_i/D3,max,-0.526,1,0
u_mig_qdr_rev4/u_mig_qdr_rev4_mig/u_qdr_phy_top/u_qdr_rld_mc_phy/qdr_rld_phy_4lanes_0.u_qdr_rld_phy_4lanes/qdr_rld_byte_lane_D.qdr_rld_byte_lane_D/PHASER_OUT_inst.phaser_out/OCLK,u_mig_qdr_rev4/u_mig_qdr_rev4_mig/u_qdr_phy_top/u_qdr_rld_mc_phy/qdr_rld_phy_4lanes_0.u_qdr_rld_phy_4lanes/qdr_rld_byte_lane_D.qdr_rld_byte_lane_D/qdr_rld_byte_group_io/o_serdesd_[6].gen_oserdes_uni.gen_oserdes_uni_notri.oserdes_d_i/D3,max,-0.522,1,0
u_mig_qdr_rev4/u_mig_qdr_rev4_mig/u_qdr_phy_top/u_qdr_rld_mc_phy/qdr_rld_phy_4lanes_0.u_qdr_rld_phy_4lanes/qdr_rld_byte_lane_D.qdr_rld_byte_lane_D/PHASER_OUT_inst.phaser_out/OCLK,u_mig_qdr_rev4/u_mig_qdr_rev4_mig/u_qdr_phy_top/u_qdr_rld_mc_phy/qdr_rld_phy_4lanes_0.u_qdr_rld_phy_4lanes/qdr_rld_byte_lane_D.qdr_rld_byte_lane_D/qdr_rld_byte_group_io/o_serdesd_[6].gen_oserdes_uni.gen_oserdes_uni_notri.oserdes_d_i/D2,max,-0.519,1,0
u_mig_qdr_rev4/u_mig_qdr_rev4_mig/u_qdr_phy_top/u_qdr_rld_mc_phy/qdr_rld_phy_4lanes_0.u_qdr_rld_phy_4lanes/qdr_rld_byte_lane_C.qdr_rld_byte_lane_C/PHASER_OUT_inst.phaser_out/OCLK,u_mig_qdr_rev4/u_mig_qdr_rev4_mig/u_qdr_phy_top/u_qdr_rld_mc_phy/qdr_rld_phy_4lanes_0.u_qdr_rld_phy_4lanes/qdr_rld_byte_lane_C.qdr_rld_byte_lane_C/qdr_rld_byte_group_io/o_serdesd_[7].gen_oserdes_uni.gen_oserdes_uni_notri.oserdes_d_i/D3,max,-0.503,1,0
u_mig_qdr_rev4/u_mig_qdr_rev4_mig/u_qdr_phy_top/u_qdr_rld_mc_phy/qdr_rld_phy_4lanes_0.u_qdr_rld_phy_4lanes/qdr_rld_byte_lane_C.qdr_rld_byte_lane_C/PHASER_OUT_inst.phaser_out/OCLK,u_mig_qdr_rev4/u_mig_qdr_rev4_mig/u_qdr_phy_top/u_qdr_rld_mc_phy/qdr_rld_phy_4lanes_0.u_qdr_rld_phy_4lanes/qdr_rld_byte_lane_C.qdr_rld_byte_lane_C/qdr_rld_byte_group_io/o_serdesd_[3].gen_oserdes_uni.gen_oserdes_uni_notri.oserdes_d_i/D3,max,-0.501,1,0
u_mig_qdr_rev4/u_mig_qdr_rev4_mig/u_qdr_phy_top/u_qdr_rld_mc_phy/qdr_rld_phy_4lanes_0.u_qdr_rld_phy_4lanes/qdr_rld_byte_lane_C.qdr_rld_byte_lane_C/PHASER_OUT_inst.phaser_out/OCLK,u_mig_qdr_rev4/u_mig_qdr_rev4_mig/u_qdr_phy_top/u_qdr_rld_mc_phy/qdr_rld_phy_4lanes_0.u_qdr_rld_phy_4lanes/qdr_rld_byte_lane_C.qdr_rld_byte_lane_C/qdr_rld_byte_group_io/o_serdesd_[7].gen_oserdes_uni.gen_oserdes_uni_notri.oserdes_d_i/D2,max,-0.500,1,0
u_mig_qdr_rev4/u_mig_qdr_rev4_mig/u_qdr_phy_top/u_qdr_rld_mc_phy/qdr_rld_phy_4lanes_0.u_qdr_rld_phy_4lanes/qdr_rld_byte_lane_C.qdr_rld_byte_lane_C/PHASER_OUT_inst.phaser_out/OCLK,u_mig_qdr_rev4/u_mig_qdr_rev4_mig/u_qdr_phy_top/u_qdr_rld_mc_phy/qdr_rld_phy_4lanes_0.u_qdr_rld_phy_4lanes/qdr_rld_byte_lane_C.qdr_rld_byte_lane_C/qdr_rld_byte_group_io/o_serdesd_[4].gen_oserdes_uni.gen_oserdes_uni_notri.oserdes_d_i/D3,max,-0.497,1,0
u_mig_qdr_rev4/u_mig_qdr_rev4_mig/u_qdr_phy_top/u_qdr_rld_mc_phy/qdr_rld_phy_4lanes_0.u_qdr_rld_phy_4lanes/qdr_rld_byte_lane_D.qdr_rld_byte_lane_D/PHASER_OUT_inst.phaser_out/OCLK,u_mig_qdr_rev4/u_mig_qdr_rev4_mig/u_qdr_phy_top/u_qdr_rld_mc_phy/qdr_rld_phy_4lanes_0.u_qdr_rld_phy_4lanes/qdr_rld_byte_lane_D.qdr_rld_byte_lane_D/qdr_rld_byte_group_io/o_serdesd_[7].gen_oserdes_uni.gen_oserdes_uni_notri.oserdes_d_i/D2,max,-0.486,1,0
u_mig_qdr_rev4/u_mig_qdr_rev4_mig/u_qdr_phy_top/u_qdr_rld_mc_phy/qdr_rld_phy_4lanes_0.u_qdr_rld_phy_4lanes/qdr_rld_byte_lane_D.qdr_rld_byte_lane_D/PHASER_OUT_inst.phaser_out/OCLK,u_mig_qdr_rev4/u_mig_qdr_rev4_mig/u_qdr_phy_top/u_qdr_rld_mc_phy/qdr_rld_phy_4lanes_0.u_qdr_rld_phy_4lanes/qdr_rld_byte_lane_D.qdr_rld_byte_lane_D/qdr_rld_byte_group_io/o_serdesd_[8].gen_oserdes_uni.gen_oserdes_uni_notri.oserdes_d_i/D2,max,-0.486,1,0
u_mig_qdr_rev4/u_mig_qdr_rev4_mig/u_qdr_phy_top/u_qdr_rld_mc_phy/qdr_rld_phy_4lanes_0.u_qdr_rld_phy_4lanes/qdr_rld_byte_lane_D.qdr_rld_byte_lane_D/PHASER_OUT_inst.phaser_out/OCLK,u_mig_qdr_rev4/u_mig_qdr_rev4_mig/u_qdr_phy_top/u_qdr_rld_mc_phy/qdr_rld_phy_4lanes_0.u_qdr_rld_phy_4lanes/qdr_rld_byte_lane_D.qdr_rld_byte_lane_D/qdr_rld_byte_group_io/o_serdesd_[6].gen_oserdes_uni.gen_oserdes_uni_notri.oserdes_d_i/D1,max,-0.475,1,0
u_mig_qdr_rev4/u_mig_qdr_rev4_mig/u_qdr_phy_top/u_qdr_rld_mc_phy/qdr_rld_phy_4lanes_0.u_qdr_rld_phy_4lanes/qdr_rld_byte_lane_D.qdr_rld_byte_lane_D/PHASER_OUT_inst.phaser_out/OCLK,u_mig_qdr_rev4/u_mig_qdr_rev4_mig/u_qdr_phy_top/u_qdr_rld_mc_phy/qdr_rld_phy_4lanes_0.u_qdr_rld_phy_4lanes/qdr_rld_byte_lane_D.qdr_rld_byte_lane_D/qdr_rld_byte_group_io/o_serdesd_[6].gen_oserdes_uni.gen_oserdes_uni_notri.oserdes_d_i/D4,max,-0.475,1,0
u_mig_qdr_rev4/u_mig_qdr_rev4_mig/u_qdr_phy_top/u_qdr_rld_mc_phy/qdr_rld_phy_4lanes_0.u_qdr_rld_phy_4lanes/qdr_rld_byte_lane_C.qdr_rld_byte_lane_C/PHASER_OUT_inst.phaser_out/OCLK,u_mig_qdr_rev4/u_mig_qdr_rev4_mig/u_qdr_phy_top/u_qdr_rld_mc_phy/qdr_rld_phy_4lanes_0.u_qdr_rld_phy_4lanes/qdr_rld_byte_lane_C.qdr_rld_byte_lane_C/qdr_rld_byte_group_io/o_serdesd_[3].gen_oserdes_uni.gen_oserdes_uni_notri.oserdes_d_i/D1,max,-0.475,1,0
u_mig_qdr_rev4/u_mig_qdr_rev4_mig/u_qdr_phy_top/u_qdr_rld_mc_phy/qdr_rld_phy_4lanes_0.u_qdr_rld_phy_4lanes/qdr_rld_byte_lane_C.qdr_rld_byte_lane_C/PHASER_OUT_inst.phaser_out/OCLK,u_mig_qdr_rev4/u_mig_qdr_rev4_mig/u_qdr_phy_top/u_qdr_rld_mc_phy/qdr_rld_phy_4lanes_0.u_qdr_rld_phy_4lanes/qdr_rld_byte_lane_C.qdr_rld_byte_lane_C/qdr_rld_byte_group_io/o_serdesd_[3].gen_oserdes_uni.gen_oserdes_uni_notri.oserdes_d_i/D4,max,-0.475,1,0
u_mig_qdr_rev4/u_mig_qdr_rev4_mig/u_qdr_phy_top/u_qdr_rld_mc_phy/qdr_rld_phy_4lanes_0.u_qdr_rld_phy_4lanes/qdr_rld_byte_lane_C.qdr_rld_byte_lane_C/PHASER_OUT_inst.phaser_out/OCLK,u_mig_qdr_rev4/u_mig_qdr_rev4_mig/u_qdr_phy_top/u_qdr_rld_mc_phy/qdr_rld_phy_4lanes_0.u_qdr_rld_phy_4lanes/qdr_rld_byte_lane_C.qdr_rld_byte_lane_C/qdr_rld_byte_group_io/o_serdesd_[4].gen_oserdes_uni.gen_oserdes_uni_notri.oserdes_d_i/D1,max,-0.471,1,0
u_mig_qdr_rev4/u_mig_qdr_rev4_mig/u_qdr_phy_top/u_qdr_rld_mc_phy/qdr_rld_phy_4lanes_0.u_qdr_rld_phy_4lanes/qdr_rld_byte_lane_C.qdr_rld_byte_lane_C/PHASER_OUT_inst.phaser_out/OCLK,u_mig_qdr_rev4/u_mig_qdr_rev4_mig/u_qdr_phy_top/u_qdr_rld_mc_phy/qdr_rld_phy_4lanes_0.u_qdr_rld_phy_4lanes/qdr_rld_byte_lane_C.qdr_rld_byte_lane_C/qdr_rld_byte_group_io/o_serdesd_[4].gen_oserdes_uni.gen_oserdes_uni_notri.oserdes_d_i/D4,max,-0.471,1,0
u_mig_qdr_rev4/u_mig_qdr_rev4_mig/u_qdr_phy_top/u_qdr_rld_mc_phy/qdr_rld_phy_4lanes_0.u_qdr_rld_phy_4lanes/qdr_rld_byte_lane_C.qdr_rld_byte_lane_C/PHASER_OUT_inst.phaser_out/OCLK,u_mig_qdr_rev4/u_mig_qdr_rev4_mig/u_qdr_phy_top/u_qdr_rld_mc_phy/qdr_rld_phy_4lanes_0.u_qdr_rld_phy_4lanes/qdr_rld_byte_lane_C.qdr_rld_byte_lane_C/qdr_rld_byte_group_io/o_serdesd_[9].gen_oserdes_uni.gen_oserdes_uni_notri.oserdes_d_i/D1,max,-0.462,1,0
u_mig_qdr_rev4/u_mig_qdr_rev4_mig/u_qdr_phy_top/u_qdr_rld_mc_phy/qdr_rld_phy_4lanes_0.u_qdr_rld_phy_4lanes/qdr_rld_byte_lane_C.qdr_rld_byte_lane_C/PHASER_OUT_inst.phaser_out/OCLK,u_mig_qdr_rev4/u_mig_qdr_rev4_mig/u_qdr_phy_top/u_qdr_rld_mc_phy/qdr_rld_phy_4lanes_0.u_qdr_rld_phy_4lanes/qdr_rld_byte_lane_C.qdr_rld_byte_lane_C/qdr_rld_byte_group_io/o_serdesd_[9].gen_oserdes_uni.gen_oserdes_uni_notri.oserdes_d_i/D3,max,-0.462,1,0
u_mig_qdr_rev4/u_mig_qdr_rev4_mig/u_qdr_phy_top/u_qdr_rld_mc_phy/qdr_rld_phy_4lanes_0.u_qdr_rld_phy_4lanes/qdr_rld_byte_lane_C.qdr_rld_byte_lane_C/PHASER_OUT_inst.phaser_out/OCLK,u_mig_qdr_rev4/u_mig_qdr_rev4_mig/u_qdr_phy_top/u_qdr_rld_mc_phy/qdr_rld_phy_4lanes_0.u_qdr_rld_phy_4lanes/qdr_rld_byte_lane_C.qdr_rld_byte_lane_C/qdr_rld_byte_group_io/o_serdesd_[9].gen_oserdes_uni.gen_oserdes_uni_notri.oserdes_d_i/D4,max,-0.462,1,0
u_mig_qdr_rev4/u_mig_qdr_rev4_mig/u_qdr_phy_top/u_qdr_rld_mc_phy/qdr_rld_phy_4lanes_0.u_qdr_rld_phy_4lanes/qdr_rld_byte_lane_D.qdr_rld_byte_lane_D/PHASER_OUT_inst.phaser_out/OCLK,u_mig_qdr_rev4/u_mig_qdr_rev4_mig/u_qdr_phy_top/u_qdr_rld_mc_phy/qdr_rld_phy_4lanes_0.u_qdr_rld_phy_4lanes/qdr_rld_byte_lane_D.qdr_rld_byte_lane_D/qdr_rld_byte_group_io/o_serdesd_[2].gen_oserdes_uni.gen_oserdes_uni_notri.oserdes_d_i/D1,max,-0.451,1,0
u_mig_qdr_rev4/u_mig_qdr_rev4_mig/u_qdr_phy_top/u_qdr_rld_mc_phy/qdr_rld_phy_4lanes_0.u_qdr_rld_phy_4lanes/qdr_rld_byte_lane_D.qdr_rld_byte_lane_D/PHASER_OUT_inst.phaser_out/OCLK,u_mig_qdr_rev4/u_mig_qdr_rev4_mig/u_qdr_phy_top/u_qdr_rld_mc_phy/qdr_rld_phy_4lanes_0.u_qdr_rld_phy_4lanes/qdr_rld_byte_lane_D.qdr_rld_byte_lane_D/qdr_rld_byte_group_io/o_serdesd_[2].gen_oserdes_uni.gen_oserdes_uni_notri.oserdes_d_i/D3,max,-0.451,1,0
u_mig_qdr_rev4/u_mig_qdr_rev4_mig/u_qdr_phy_top/u_qdr_rld_mc_phy/qdr_rld_phy_4lanes_0.u_qdr_rld_phy_4lanes/qdr_rld_byte_lane_D.qdr_rld_byte_lane_D/PHASER_OUT_inst.phaser_out/OCLK,u_mig_qdr_rev4/u_mig_qdr_rev4_mig/u_qdr_phy_top/u_qdr_rld_mc_phy/qdr_rld_phy_4lanes_0.u_qdr_rld_phy_4lanes/qdr_rld_byte_lane_D.qdr_rld_byte_lane_D/qdr_rld_byte_group_io/o_serdesd_[2].gen_oserdes_uni.gen_oserdes_uni_notri.oserdes_d_i/D4,max,-0.451,1,0
u_mig_qdr_rev4/u_mig_qdr_rev4_mig/u_qdr_phy_top/u_qdr_rld_mc_phy/qdr_rld_phy_4lanes_0.u_qdr_rld_phy_4lanes/qdr_rld_byte_lane_C.qdr_rld_byte_lane_C/PHASER_OUT_inst.phaser_out/OCLK,u_mig_qdr_rev4/u_mig_qdr_rev4_mig/u_qdr_phy_top/u_qdr_rld_mc_phy/qdr_rld_phy_4lanes_0.u_qdr_rld_phy_4lanes/qdr_rld_byte_lane_C.qdr_rld_byte_lane_C/qdr_rld_byte_group_io/o_serdesd_[10].gen_oserdes_uni.gen_oserdes_uni_notri.oserdes_d_i/D3,max,-0.451,1,0
u_mig_qdr_rev4/u_mig_qdr_rev4_mig/u_qdr_phy_top/u_qdr_rld_mc_phy/qdr_rld_phy_4lanes_0.u_qdr_rld_phy_4lanes/qdr_rld_byte_lane_C.qdr_rld_byte_lane_C/PHASER_OUT_inst.phaser_out/OCLK,u_mig_qdr_rev4/u_mig_qdr_rev4_mig/u_qdr_phy_top/u_qdr_rld_mc_phy/qdr_rld_phy_4lanes_0.u_qdr_rld_phy_4lanes/qdr_rld_byte_lane_C.qdr_rld_byte_lane_C/qdr_rld_byte_group_io/o_serdesd_[11].gen_oserdes_uni.gen_oserdes_uni_notri.oserdes_d_i/D1,max,-0.449,1,0
u_mig_qdr_rev4/u_mig_qdr_rev4_mig/u_qdr_phy_top/u_qdr_rld_mc_phy/qdr_rld_phy_4lanes_0.u_qdr_rld_phy_4lanes/qdr_rld_byte_lane_C.qdr_rld_byte_lane_C/PHASER_OUT_inst.phaser_out/OCLK,u_mig_qdr_rev4/u_mig_qdr_rev4_mig/u_qdr_phy_top/u_qdr_rld_mc_phy/qdr_rld_phy_4lanes_0.u_qdr_rld_phy_4lanes/qdr_rld_byte_lane_C.qdr_rld_byte_lane_C/qdr_rld_byte_group_io/o_serdesd_[11].gen_oserdes_uni.gen_oserdes_uni_notri.oserdes_d_i/D4,max,-0.449,1,0
u_mig_qdr_rev4/u_mig_qdr_rev4_mig/u_qdr_phy_top/u_qdr_rld_mc_phy/qdr_rld_phy_4lanes_0.u_qdr_rld_phy_4lanes/qdr_rld_byte_lane_D.qdr_rld_byte_lane_D/PHASER_OUT_inst.phaser_out/OCLK,u_mig_qdr_rev4/u_mig_qdr_rev4_mig/u_qdr_phy_top/u_qdr_rld_mc_phy/qdr_rld_phy_4lanes_0.u_qdr_rld_phy_4lanes/qdr_rld_byte_lane_D.qdr_rld_byte_lane_D/qdr_rld_byte_group_io/o_serdesd_[2].gen_oserdes_uni.gen_oserdes_uni_notri.oserdes_d_i/D2,max,-0.448,1,0
u_mig_qdr_rev4/u_mig_qdr_rev4_mig/u_qdr_phy_top/u_qdr_rld_mc_phy/qdr_rld_phy_4lanes_0.u_qdr_rld_phy_4lanes/qdr_rld_byte_lane_D.qdr_rld_byte_lane_D/PHASER_OUT_inst.phaser_out/OCLK,u_mig_qdr_rev4/u_mig_qdr_rev4_mig/u_qdr_phy_top/u_qdr_rld_mc_phy/qdr_rld_phy_4lanes_0.u_qdr_rld_phy_4lanes/qdr_rld_byte_lane_D.qdr_rld_byte_lane_D/qdr_rld_byte_group_io/o_serdesd_[5].gen_oserdes_uni.gen_oserdes_uni_notri.oserdes_d_i/D1,max,-0.433,1,0
u_mig_qdr_rev4/u_mig_qdr_rev4_mig/u_qdr_phy_top/u_qdr_rld_mc_phy/qdr_rld_phy_4lanes_0.u_qdr_rld_phy_4lanes/qdr_rld_byte_lane_D.qdr_rld_byte_lane_D/PHASER_OUT_inst.phaser_out/OCLK,u_mig_qdr_rev4/u_mig_qdr_rev4_mig/u_qdr_phy_top/u_qdr_rld_mc_phy/qdr_rld_phy_4lanes_0.u_qdr_rld_phy_4lanes/qdr_rld_byte_lane_D.qdr_rld_byte_lane_D/qdr_rld_byte_group_io/o_serdesd_[5].gen_oserdes_uni.gen_oserdes_uni_notri.oserdes_d_i/D4,max,-0.433,1,0
u_mig_qdr_rev4/u_mig_qdr_rev4_mig/u_qdr_phy_top/u_qdr_rld_mc_phy/qdr_rld_phy_4lanes_0.u_qdr_rld_phy_4lanes/qdr_rld_byte_lane_C.qdr_rld_byte_lane_C/PHASER_OUT_inst.phaser_out/OCLK,u_mig_qdr_rev4/u_mig_qdr_rev4_mig/u_qdr_phy_top/u_qdr_rld_mc_phy/qdr_rld_phy_4lanes_0.u_qdr_rld_phy_4lanes/qdr_rld_byte_lane_C.qdr_rld_byte_lane_C/qdr_rld_byte_group_io/o_serdesd_[7].gen_oserdes_uni.gen_oserdes_uni_notri.oserdes_d_i/D1,max,-0.428,1,0
u_mig_qdr_rev4/u_mig_qdr_rev4_mig/u_qdr_phy_top/u_qdr_rld_mc_phy/qdr_rld_phy_4lanes_0.u_qdr_rld_phy_4lanes/qdr_rld_byte_lane_C.qdr_rld_byte_lane_C/PHASER_OUT_inst.phaser_out/OCLK,u_mig_qdr_rev4/u_mig_qdr_rev4_mig/u_qdr_phy_top/u_qdr_rld_mc_phy/qdr_rld_phy_4lanes_0.u_qdr_rld_phy_4lanes/qdr_rld_byte_lane_C.qdr_rld_byte_lane_C/qdr_rld_byte_group_io/o_serdesd_[7].gen_oserdes_uni.gen_oserdes_uni_notri.oserdes_d_i/D4,max,-0.428,1,0
u_mig_qdr_rev4/u_mig_qdr_rev4_mig/u_qdr_phy_top/u_qdr_rld_mc_phy/qdr_rld_phy_4lanes_0.u_qdr_rld_phy_4lanes/qdr_rld_byte_lane_D.qdr_rld_byte_lane_D/PHASER_OUT_inst.phaser_out/OCLK,u_mig_qdr_rev4/u_mig_qdr_rev4_mig/u_qdr_phy_top/u_qdr_rld_mc_phy/qdr_rld_phy_4lanes_0.u_qdr_rld_phy_4lanes/qdr_rld_byte_lane_D.qdr_rld_byte_lane_D/qdr_rld_byte_group_io/o_serdesd_[1].gen_oserdes_uni.gen_oserdes_uni_notri.oserdes_d_i/D3,max,-0.407,1,0
u_mig_qdr_rev4/u_mig_qdr_rev4_mig/u_qdr_phy_top/u_qdr_rld_mc_phy/qdr_rld_phy_4lanes_1.u_qdr_rld_phy_4lanes/qdr_rld_byte_lane_C.qdr_rld_byte_lane_C/PHASER_OUT_inst.phaser_out/OCLK,u_mig_qdr_rev4/u_mig_qdr_rev4_mig/u_qdr_phy_top/u_qdr_rld_mc_phy/qdr_rld_phy_4lanes_1.u_qdr_rld_phy_4lanes/qdr_rld_byte_lane_C.qdr_rld_byte_lane_C/qdr_rld_byte_group_io/o_serdesd_[5].gen_oserdes_uni.gen_oserdes_uni_notri.oserdes_d_i/RST,min,-0.348,0,0
u_mig_qdr_rev4/u_mig_qdr_rev4_mig/u_qdr_phy_top/u_qdr_rld_mc_phy/qdr_rld_phy_4lanes_1.u_qdr_rld_phy_4lanes/qdr_rld_byte_lane_C.qdr_rld_byte_lane_C/PHASER_OUT_inst.phaser_out/OCLK,u_mig_qdr_rev4/u_mig_qdr_rev4_mig/u_qdr_phy_top/u_qdr_rld_mc_phy/qdr_rld_phy_4lanes_1.u_qdr_rld_phy_4lanes/qdr_rld_byte_lane_C.qdr_rld_byte_lane_C/qdr_rld_byte_group_io/o_serdesd_[9].gen_oserdes_uni.gen_oserdes_uni_notri.oserdes_d_i/RST,min,-0.332,0,0
u_mig_qdr_rev4/u_mig_qdr_rev4_mig/u_qdr_phy_top/u_qdr_rld_mc_phy/qdr_rld_phy_4lanes_1.u_qdr_rld_phy_4lanes/qdr_rld_byte_lane_A.qdr_rld_byte_lane_A/PHASER_OUT_inst.phaser_out/OCLK,u_mig_qdr_rev4/u_mig_qdr_rev4_mig/u_qdr_phy_top/u_qdr_rld_mc_phy/qdr_rld_phy_4lanes_1.u_qdr_rld_phy_4lanes/qdr_rld_byte_lane_A.qdr_rld_byte_lane_A/qdr_rld_byte_group_io/o_serdesd_[3].gen_oserdes_uni.gen_oserdes_uni_notri.oserdes_d_i/RST,min,-0.325,0,0
u_mig_qdr_rev4/u_mig_qdr_rev4_mig/u_qdr_phy_top/u_qdr_rld_mc_phy/qdr_rld_phy_4lanes_1.u_qdr_rld_phy_4lanes/qdr_rld_byte_lane_C.qdr_rld_byte_lane_C/PHASER_OUT_inst.phaser_out/OCLK,u_mig_qdr_rev4/u_mig_qdr_rev4_mig/u_qdr_phy_top/u_qdr_rld_mc_phy/qdr_rld_phy_4lanes_1.u_qdr_rld_phy_4lanes/qdr_rld_byte_lane_C.qdr_rld_byte_lane_C/qdr_rld_byte_group_io/o_serdesd_[8].gen_oserdes_uni.gen_oserdes_uni_notri.oserdes_d_i/RST,min,-0.240,0,0
u_mig_qdr_rev4/u_mig_qdr_rev4_mig/u_qdr_phy_top/u_qdr_rld_mc_phy/qdr_rld_phy_4lanes_1.u_qdr_rld_phy_4lanes/qdr_rld_byte_lane_A.qdr_rld_byte_lane_A/PHASER_OUT_inst.phaser_out/OCLK,u_mig_qdr_rev4/u_mig_qdr_rev4_mig/u_qdr_phy_top/u_qdr_rld_mc_phy/qdr_rld_phy_4lanes_1.u_qdr_rld_phy_4lanes/qdr_rld_byte_lane_A.qdr_rld_byte_lane_A/qdr_rld_byte_group_io/o_serdesd_[2].gen_oserdes_uni.gen_oserdes_uni_notri.oserdes_d_i/RST,min,-0.239,0,0
u_mig_qdr_rev4/u_mig_qdr_rev4_mig/u_qdr_phy_top/u_qdr_rld_mc_phy/qdr_rld_phy_4lanes_1.u_qdr_rld_phy_4lanes/qdr_rld_byte_lane_A.qdr_rld_byte_lane_A/PHASER_OUT_inst.phaser_out/OCLK,u_mig_qdr_rev4/u_mig_qdr_rev4_mig/u_qdr_phy_top/u_qdr_rld_mc_phy/qdr_rld_phy_4lanes_1.u_qdr_rld_phy_4lanes/qdr_rld_byte_lane_A.qdr_rld_byte_lane_A/qdr_rld_byte_group_io/o_serdesd_[7].gen_oserdes_uni.gen_oserdes_uni_notri.oserdes_d_i/RST,min,-0.152,0,0
u_mig_qdr_rev4/u_mig_qdr_rev4_mig/u_infrastructure/first_rising_ps_clk_r_reg/C,u_mig_qdr_rev4/u_mig_qdr_rev4_mig/u_infrastructure/mmcm_hi0_r_reg/D,min,-0.149,1,1
u_mig_qdr_rev4/u_mig_qdr_rev4_mig/u_qdr_phy_top/u_qdr_rld_mc_phy/qdr_rld_phy_4lanes_1.u_qdr_rld_phy_4lanes/qdr_rld_byte_lane_A.qdr_rld_byte_lane_A/PHASER_OUT_inst.phaser_out/OCLK,u_mig_qdr_rev4/u_mig_qdr_rev4_mig/u_qdr_phy_top/u_qdr_rld_mc_phy/qdr_rld_phy_4lanes_1.u_qdr_rld_phy_4lanes/qdr_rld_byte_lane_A.qdr_rld_byte_lane_A/qdr_rld_byte_group_io/o_serdesd_[5].gen_oserdes_uni.gen_oserdes_uni_notri.oserdes_d_i/RST,min,-0.146,0,0
u_mig_qdr_rev4/u_mig_qdr_rev4_mig/u_qdr_phy_top/u_qdr_rld_mc_phy/qdr_rld_phy_4lanes_2.u_qdr_rld_phy_4lanes/qdr_rld_byte_lane_C.qdr_rld_byte_lane_C/in_fifo_inst.in_fifo/RDCLK,u_mig_qdr_rev4/u_mig_qdr_rev4_mig/u_qdr_phy_top/u_qdr_rld_mc_phy/qdr_rld_phy_4lanes_2.u_qdr_rld_phy_4lanes/qdr_rld_byte_lane_C.qdr_rld_byte_lane_C/post_fifo.qdr_rld_if_post_fifo/mem_reg_0_3_72_77/RAMB/I,min,-0.123,0,0
u_mig_qdr_rev4/u_mig_qdr_rev4_mig/u_qdr_phy_top/u_qdr_rld_mc_phy/qdr_rld_phy_4lanes_2.u_qdr_rld_phy_4lanes/qdr_rld_byte_lane_D.qdr_rld_byte_lane_D/in_fifo_inst.in_fifo/RDCLK,u_mig_qdr_rev4/u_mig_qdr_rev4_mig/u_qdr_phy_top/u_qdr_rld_mc_phy/qdr_rld_phy_4lanes_2.u_qdr_rld_phy_4lanes/qdr_rld_byte_lane_D.qdr_rld_byte_lane_D/post_fifo.qdr_rld_if_post_fifo/mem_reg_0_3_72_77/RAMB/I,min,-0.123,0,0
u_mig_qdr_rev4/u_mig_qdr_rev4_mig/u_qdr_phy_top/u_qdr_rld_mc_phy/qdr_rld_phy_4lanes_2.u_qdr_rld_phy_4lanes/qdr_rld_byte_lane_C.qdr_rld_byte_lane_C/in_fifo_inst.in_fifo/RDCLK,u_mig_qdr_rev4/u_mig_qdr_rev4_mig/u_qdr_phy_top/u_qdr_rld_mc_phy/qdr_rld_phy_4lanes_2.u_qdr_rld_phy_4lanes/qdr_rld_byte_lane_C.qdr_rld_byte_lane_C/post_fifo.qdr_rld_if_post_fifo/mem_reg_0_3_0_5/RAMB/I,min,-0.122,0,0
u_mig_qdr_rev4/u_mig_qdr_rev4_mig/u_qdr_phy_top/u_qdr_rld_mc_phy/qdr_rld_phy_4lanes_2.u_qdr_rld_phy_4lanes/qdr_rld_byte_lane_C.qdr_rld_byte_lane_C/in_fifo_inst.in_fifo/RDCLK,u_mig_qdr_rev4/u_mig_qdr_rev4_mig/u_qdr_phy_top/u_qdr_rld_mc_phy/qdr_rld_phy_4lanes_2.u_qdr_rld_phy_4lanes/qdr_rld_byte_lane_C.qdr_rld_byte_lane_C/post_fifo.qdr_rld_if_post_fifo/mem_reg_0_3_30_35/RAMB/I,min,-0.122,0,0
u_mig_qdr_rev4/u_mig_qdr_rev4_mig/u_qdr_phy_top/u_qdr_rld_mc_phy/qdr_rld_phy_4lanes_2.u_qdr_rld_phy_4lanes/qdr_rld_byte_lane_C.qdr_rld_byte_lane_C/in_fifo_inst.in_fifo/RDCLK,u_mig_qdr_rev4/u_mig_qdr_rev4_mig/u_qdr_phy_top/u_qdr_rld_mc_phy/qdr_rld_phy_4lanes_2.u_qdr_rld_phy_4lanes/qdr_rld_byte_lane_C.qdr_rld_byte_lane_C/post_fifo.qdr_rld_if_post_fifo/mem_reg_0_3_36_41/RAMB/I,min,-0.122,0,0
u_mig_qdr_rev4/u_mig_qdr_rev4_mig/u_qdr_phy_top/u_qdr_rld_mc_phy/qdr_rld_phy_4lanes_2.u_qdr_rld_phy_4lanes/qdr_rld_byte_lane_C.qdr_rld_byte_lane_C/in_fifo_inst.in_fifo/RDCLK,u_mig_qdr_rev4/u_mig_qdr_rev4_mig/u_qdr_phy_top/u_qdr_rld_mc_phy/qdr_rld_phy_4lanes_2.u_qdr_rld_phy_4lanes/qdr_rld_byte_lane_C.qdr_rld_byte_lane_C/post_fifo.qdr_rld_if_post_fifo/mem_reg_0_3_42_47/RAMB/I,min,-0.122,0,0
u_mig_qdr_rev4/u_mig_qdr_rev4_mig/u_qdr_phy_top/u_qdr_rld_mc_phy/qdr_rld_phy_4lanes_2.u_qdr_rld_phy_4lanes/qdr_rld_byte_lane_C.qdr_rld_byte_lane_C/in_fifo_inst.in_fifo/RDCLK,u_mig_qdr_rev4/u_mig_qdr_rev4_mig/u_qdr_phy_top/u_qdr_rld_mc_phy/qdr_rld_phy_4lanes_2.u_qdr_rld_phy_4lanes/qdr_rld_byte_lane_C.qdr_rld_byte_lane_C/post_fifo.qdr_rld_if_post_fifo/mem_reg_0_3_48_53/RAMB/I,min,-0.122,0,0
u_mig_qdr_rev4/u_mig_qdr_rev4_mig/u_qdr_phy_top/u_qdr_rld_mc_phy/qdr_rld_phy_4lanes_2.u_qdr_rld_phy_4lanes/qdr_rld_byte_lane_C.qdr_rld_byte_lane_C/in_fifo_inst.in_fifo/RDCLK,u_mig_qdr_rev4/u_mig_qdr_rev4_mig/u_qdr_phy_top/u_qdr_rld_mc_phy/qdr_rld_phy_4lanes_2.u_qdr_rld_phy_4lanes/qdr_rld_byte_lane_C.qdr_rld_byte_lane_C/post_fifo.qdr_rld_if_post_fifo/mem_reg_0_3_72_77/RAMA/I,min,-0.122,0,0
u_mig_qdr_rev4/u_mig_qdr_rev4_mig/u_qdr_phy_top/u_qdr_rld_mc_phy/qdr_rld_phy_4lanes_2.u_qdr_rld_phy_4lanes/qdr_rld_byte_lane_D.qdr_rld_byte_lane_D/in_fifo_inst.in_fifo/RDCLK,u_mig_qdr_rev4/u_mig_qdr_rev4_mig/u_qdr_phy_top/u_qdr_rld_mc_phy/qdr_rld_phy_4lanes_2.u_qdr_rld_phy_4lanes/qdr_rld_byte_lane_D.qdr_rld_byte_lane_D/post_fifo.qdr_rld_if_post_fifo/mem_reg_0_3_30_35/RAMB/I,min,-0.122,0,0
u_mig_qdr_rev4/u_mig_qdr_rev4_mig/u_qdr_phy_top/u_qdr_rld_mc_phy/qdr_rld_phy_4lanes_2.u_qdr_rld_phy_4lanes/qdr_rld_byte_lane_D.qdr_rld_byte_lane_D/in_fifo_inst.in_fifo/RDCLK,u_mig_qdr_rev4/u_mig_qdr_rev4_mig/u_qdr_phy_top/u_qdr_rld_mc_phy/qdr_rld_phy_4lanes_2.u_qdr_rld_phy_4lanes/qdr_rld_byte_lane_D.qdr_rld_byte_lane_D/post_fifo.qdr_rld_if_post_fifo/mem_reg_0_3_36_41/RAMB/I,min,-0.122,0,0
u_mig_qdr_rev4/u_mig_qdr_rev4_mig/u_qdr_phy_top/u_qdr_rld_mc_phy/qdr_rld_phy_4lanes_2.u_qdr_rld_phy_4lanes/qdr_rld_byte_lane_D.qdr_rld_byte_lane_D/in_fifo_inst.in_fifo/RDCLK,u_mig_qdr_rev4/u_mig_qdr_rev4_mig/u_qdr_phy_top/u_qdr_rld_mc_phy/qdr_rld_phy_4lanes_2.u_qdr_rld_phy_4lanes/qdr_rld_byte_lane_D.qdr_rld_byte_lane_D/post_fifo.qdr_rld_if_post_fifo/mem_reg_0_3_42_47/RAMB/I,min,-0.122,0,0
u_mig_qdr_rev4/u_mig_qdr_rev4_mig/u_qdr_phy_top/u_qdr_rld_mc_phy/qdr_rld_phy_4lanes_2.u_qdr_rld_phy_4lanes/qdr_rld_byte_lane_D.qdr_rld_byte_lane_D/in_fifo_inst.in_fifo/RDCLK,u_mig_qdr_rev4/u_mig_qdr_rev4_mig/u_qdr_phy_top/u_qdr_rld_mc_phy/qdr_rld_phy_4lanes_2.u_qdr_rld_phy_4lanes/qdr_rld_byte_lane_D.qdr_rld_byte_lane_D/post_fifo.qdr_rld_if_post_fifo/mem_reg_0_3_48_53/RAMB/I,min,-0.122,0,0
u_mig_qdr_rev4/u_mig_qdr_rev4_mig/u_qdr_phy_top/u_qdr_rld_mc_phy/qdr_rld_phy_4lanes_2.u_qdr_rld_phy_4lanes/qdr_rld_byte_lane_D.qdr_rld_byte_lane_D/in_fifo_inst.in_fifo/RDCLK,u_mig_qdr_rev4/u_mig_qdr_rev4_mig/u_qdr_phy_top/u_qdr_rld_mc_phy/qdr_rld_phy_4lanes_2.u_qdr_rld_phy_4lanes/qdr_rld_byte_lane_D.qdr_rld_byte_lane_D/post_fifo.qdr_rld_if_post_fifo/mem_reg_0_3_72_77/RAMA/I,min,-0.122,0,0
u_mig_qdr_rev4/u_mig_qdr_rev4_mig/u_qdr_phy_top/u_qdr_rld_mc_phy/qdr_rld_phy_4lanes_2.u_qdr_rld_phy_4lanes/qdr_rld_byte_lane_C.qdr_rld_byte_lane_C/in_fifo_inst.in_fifo/RDCLK,u_mig_qdr_rev4/u_mig_qdr_rev4_mig/u_qdr_phy_top/u_qdr_rld_mc_phy/qdr_rld_phy_4lanes_2.u_qdr_rld_phy_4lanes/qdr_rld_byte_lane_C.qdr_rld_byte_lane_C/post_fifo.qdr_rld_if_post_fifo/mem_reg_0_3_0_5/RAMA/I,min,-0.121,0,0
u_mig_qdr_rev4/u_mig_qdr_rev4_mig/u_qdr_phy_top/u_qdr_rld_mc_phy/qdr_rld_phy_4lanes_2.u_qdr_rld_phy_4lanes/qdr_rld_byte_lane_C.qdr_rld_byte_lane_C/in_fifo_inst.in_fifo/RDCLK,u_mig_qdr_rev4/u_mig_qdr_rev4_mig/u_qdr_phy_top/u_qdr_rld_mc_phy/qdr_rld_phy_4lanes_2.u_qdr_rld_phy_4lanes/qdr_rld_byte_lane_C.qdr_rld_byte_lane_C/post_fifo.qdr_rld_if_post_fifo/mem_reg_0_3_36_41/RAMA/I,min,-0.121,0,0
u_mig_qdr_rev4/u_mig_qdr_rev4_mig/u_qdr_phy_top/u_qdr_rld_mc_phy/qdr_rld_phy_4lanes_2.u_qdr_rld_phy_4lanes/qdr_rld_byte_lane_C.qdr_rld_byte_lane_C/in_fifo_inst.in_fifo/RDCLK,u_mig_qdr_rev4/u_mig_qdr_rev4_mig/u_qdr_phy_top/u_qdr_rld_mc_phy/qdr_rld_phy_4lanes_2.u_qdr_rld_phy_4lanes/qdr_rld_byte_lane_C.qdr_rld_byte_lane_C/post_fifo.qdr_rld_if_post_fifo/mem_reg_0_3_42_47/RAMA/I,min,-0.121,0,0
u_mig_qdr_rev4/u_mig_qdr_rev4_mig/u_qdr_phy_top/u_qdr_rld_mc_phy/qdr_rld_phy_4lanes_2.u_qdr_rld_phy_4lanes/qdr_rld_byte_lane_C.qdr_rld_byte_lane_C/in_fifo_inst.in_fifo/RDCLK,u_mig_qdr_rev4/u_mig_qdr_rev4_mig/u_qdr_phy_top/u_qdr_rld_mc_phy/qdr_rld_phy_4lanes_2.u_qdr_rld_phy_4lanes/qdr_rld_byte_lane_C.qdr_rld_byte_lane_C/post_fifo.qdr_rld_if_post_fifo/mem_reg_0_3_48_53/RAMA/I,min,-0.121,0,0
u_mig_qdr_rev4/u_mig_qdr_rev4_mig/u_qdr_phy_top/u_qdr_rld_mc_phy/qdr_rld_phy_4lanes_2.u_qdr_rld_phy_4lanes/qdr_rld_byte_lane_C.qdr_rld_byte_lane_C/in_fifo_inst.in_fifo/RDCLK,u_mig_qdr_rev4/u_mig_qdr_rev4_mig/u_qdr_phy_top/u_qdr_rld_mc_phy/qdr_rld_phy_4lanes_2.u_qdr_rld_phy_4lanes/qdr_rld_byte_lane_C.qdr_rld_byte_lane_C/post_fifo.qdr_rld_if_post_fifo/mem_reg_0_3_54_59/RAMA/I,min,-0.121,0,0
u_mig_qdr_rev4/u_mig_qdr_rev4_mig/u_qdr_phy_top/u_qdr_rld_mc_phy/qdr_rld_phy_4lanes_2.u_qdr_rld_phy_4lanes/qdr_rld_byte_lane_D.qdr_rld_byte_lane_D/in_fifo_inst.in_fifo/RDCLK,u_mig_qdr_rev4/u_mig_qdr_rev4_mig/u_qdr_phy_top/u_qdr_rld_mc_phy/qdr_rld_phy_4lanes_2.u_qdr_rld_phy_4lanes/qdr_rld_byte_lane_D.qdr_rld_byte_lane_D/post_fifo.qdr_rld_if_post_fifo/mem_reg_0_3_36_41/RAMA/I,min,-0.121,0,0
u_mig_qdr_rev4/u_mig_qdr_rev4_mig/u_qdr_phy_top/u_qdr_rld_mc_phy/qdr_rld_phy_4lanes_2.u_qdr_rld_phy_4lanes/qdr_rld_byte_lane_D.qdr_rld_byte_lane_D/in_fifo_inst.in_fifo/RDCLK,u_mig_qdr_rev4/u_mig_qdr_rev4_mig/u_qdr_phy_top/u_qdr_rld_mc_phy/qdr_rld_phy_4lanes_2.u_qdr_rld_phy_4lanes/qdr_rld_byte_lane_D.qdr_rld_byte_lane_D/post_fifo.qdr_rld_if_post_fifo/mem_reg_0_3_42_47/RAMA/I,min,-0.121,0,0
u_mig_qdr_rev4/u_mig_qdr_rev4_mig/u_qdr_phy_top/u_qdr_rld_mc_phy/qdr_rld_phy_4lanes_2.u_qdr_rld_phy_4lanes/qdr_rld_byte_lane_D.qdr_rld_byte_lane_D/in_fifo_inst.in_fifo/RDCLK,u_mig_qdr_rev4/u_mig_qdr_rev4_mig/u_qdr_phy_top/u_qdr_rld_mc_phy/qdr_rld_phy_4lanes_2.u_qdr_rld_phy_4lanes/qdr_rld_byte_lane_D.qdr_rld_byte_lane_D/post_fifo.qdr_rld_if_post_fifo/mem_reg_0_3_48_53/RAMA/I,min,-0.121,0,0
u_mig_qdr_rev4/u_mig_qdr_rev4_mig/u_qdr_phy_top/u_qdr_rld_mc_phy/qdr_rld_phy_4lanes_2.u_qdr_rld_phy_4lanes/qdr_rld_byte_lane_D.qdr_rld_byte_lane_D/in_fifo_inst.in_fifo/RDCLK,u_mig_qdr_rev4/u_mig_qdr_rev4_mig/u_qdr_phy_top/u_qdr_rld_mc_phy/qdr_rld_phy_4lanes_2.u_qdr_rld_phy_4lanes/qdr_rld_byte_lane_D.qdr_rld_byte_lane_D/post_fifo.qdr_rld_if_post_fifo/mem_reg_0_3_54_59/RAMA/I,min,-0.121,0,0
u_mig_qdr_rev4/u_mig_qdr_rev4_mig/u_qdr_phy_top/u_qdr_rld_mc_phy/qdr_rld_phy_4lanes_2.u_qdr_rld_phy_4lanes/qdr_rld_byte_lane_C.qdr_rld_byte_lane_C/in_fifo_inst.in_fifo/RDCLK,u_mig_qdr_rev4/u_mig_qdr_rev4_mig/u_qdr_phy_top/u_qdr_rld_mc_phy/qdr_rld_phy_4lanes_2.u_qdr_rld_phy_4lanes/qdr_rld_byte_lane_C.qdr_rld_byte_lane_C/post_fifo.qdr_rld_if_post_fifo/mem_reg_0_3_72_77/RAMC/I,min,-0.120,0,0
u_mig_qdr_rev4/u_mig_qdr_rev4_mig/u_qdr_phy_top/u_qdr_rld_mc_phy/qdr_rld_phy_4lanes_2.u_qdr_rld_phy_4lanes/qdr_rld_byte_lane_D.qdr_rld_byte_lane_D/in_fifo_inst.in_fifo/RDCLK,u_mig_qdr_rev4/u_mig_qdr_rev4_mig/u_qdr_phy_top/u_qdr_rld_mc_phy/qdr_rld_phy_4lanes_2.u_qdr_rld_phy_4lanes/qdr_rld_byte_lane_D.qdr_rld_byte_lane_D/post_fifo.qdr_rld_if_post_fifo/mem_reg_0_3_72_77/RAMC/I,min,-0.120,0,0
u_mig_qdr_rev4/u_mig_qdr_rev4_mig/u_qdr_phy_top/u_qdr_rld_mc_phy/qdr_rld_phy_4lanes_2.u_qdr_rld_phy_4lanes/qdr_rld_byte_lane_C.qdr_rld_byte_lane_C/in_fifo_inst.in_fifo/RDCLK,u_mig_qdr_rev4/u_mig_qdr_rev4_mig/u_qdr_phy_top/u_qdr_rld_mc_phy/qdr_rld_phy_4lanes_2.u_qdr_rld_phy_4lanes/qdr_rld_byte_lane_C.qdr_rld_byte_lane_C/post_fifo.qdr_rld_if_post_fifo/mem_reg_0_3_0_5/RAMC/I,min,-0.119,0,0
u_mig_qdr_rev4/u_mig_qdr_rev4_mig/u_qdr_phy_top/u_qdr_rld_mc_phy/qdr_rld_phy_4lanes_2.u_qdr_rld_phy_4lanes/qdr_rld_byte_lane_C.qdr_rld_byte_lane_C/in_fifo_inst.in_fifo/RDCLK,u_mig_qdr_rev4/u_mig_qdr_rev4_mig/u_qdr_phy_top/u_qdr_rld_mc_phy/qdr_rld_phy_4lanes_2.u_qdr_rld_phy_4lanes/qdr_rld_byte_lane_C.qdr_rld_byte_lane_C/post_fifo.qdr_rld_if_post_fifo/mem_reg_0_3_30_35/RAMC/I,min,-0.119,0,0
u_mig_qdr_rev4/u_mig_qdr_rev4_mig/u_qdr_phy_top/u_qdr_rld_mc_phy/qdr_rld_phy_4lanes_2.u_qdr_rld_phy_4lanes/qdr_rld_byte_lane_C.qdr_rld_byte_lane_C/in_fifo_inst.in_fifo/RDCLK,u_mig_qdr_rev4/u_mig_qdr_rev4_mig/u_qdr_phy_top/u_qdr_rld_mc_phy/qdr_rld_phy_4lanes_2.u_qdr_rld_phy_4lanes/qdr_rld_byte_lane_C.qdr_rld_byte_lane_C/post_fifo.qdr_rld_if_post_fifo/mem_reg_0_3_36_41/RAMC/I,min,-0.119,0,0
u_mig_qdr_rev4/u_mig_qdr_rev4_mig/u_qdr_phy_top/u_qdr_rld_mc_phy/qdr_rld_phy_4lanes_2.u_qdr_rld_phy_4lanes/qdr_rld_byte_lane_C.qdr_rld_byte_lane_C/in_fifo_inst.in_fifo/RDCLK,u_mig_qdr_rev4/u_mig_qdr_rev4_mig/u_qdr_phy_top/u_qdr_rld_mc_phy/qdr_rld_phy_4lanes_2.u_qdr_rld_phy_4lanes/qdr_rld_byte_lane_C.qdr_rld_byte_lane_C/post_fifo.qdr_rld_if_post_fifo/mem_reg_0_3_42_47/RAMC/I,min,-0.119,0,0
u_mig_qdr_rev4/u_mig_qdr_rev4_mig/u_qdr_phy_top/u_qdr_rld_mc_phy/qdr_rld_phy_4lanes_2.u_qdr_rld_phy_4lanes/qdr_rld_byte_lane_C.qdr_rld_byte_lane_C/in_fifo_inst.in_fifo/RDCLK,u_mig_qdr_rev4/u_mig_qdr_rev4_mig/u_qdr_phy_top/u_qdr_rld_mc_phy/qdr_rld_phy_4lanes_2.u_qdr_rld_phy_4lanes/qdr_rld_byte_lane_C.qdr_rld_byte_lane_C/post_fifo.qdr_rld_if_post_fifo/mem_reg_0_3_48_53/RAMC/I,min,-0.119,0,0
u_mig_qdr_rev4/u_mig_qdr_rev4_mig/u_qdr_phy_top/u_qdr_rld_mc_phy/qdr_rld_phy_4lanes_2.u_qdr_rld_phy_4lanes/qdr_rld_byte_lane_D.qdr_rld_byte_lane_D/in_fifo_inst.in_fifo/RDCLK,u_mig_qdr_rev4/u_mig_qdr_rev4_mig/u_qdr_phy_top/u_qdr_rld_mc_phy/qdr_rld_phy_4lanes_2.u_qdr_rld_phy_4lanes/qdr_rld_byte_lane_D.qdr_rld_byte_lane_D/post_fifo.qdr_rld_if_post_fifo/mem_reg_0_3_30_35/RAMC/I,min,-0.119,0,0
u_mig_qdr_rev4/u_mig_qdr_rev4_mig/u_qdr_phy_top/u_qdr_rld_mc_phy/qdr_rld_phy_4lanes_2.u_qdr_rld_phy_4lanes/qdr_rld_byte_lane_D.qdr_rld_byte_lane_D/in_fifo_inst.in_fifo/RDCLK,u_mig_qdr_rev4/u_mig_qdr_rev4_mig/u_qdr_phy_top/u_qdr_rld_mc_phy/qdr_rld_phy_4lanes_2.u_qdr_rld_phy_4lanes/qdr_rld_byte_lane_D.qdr_rld_byte_lane_D/post_fifo.qdr_rld_if_post_fifo/mem_reg_0_3_36_41/RAMC/I,min,-0.119,0,0
u_mig_qdr_rev4/u_mig_qdr_rev4_mig/u_qdr_phy_top/u_qdr_rld_mc_phy/qdr_rld_phy_4lanes_2.u_qdr_rld_phy_4lanes/qdr_rld_byte_lane_D.qdr_rld_byte_lane_D/in_fifo_inst.in_fifo/RDCLK,u_mig_qdr_rev4/u_mig_qdr_rev4_mig/u_qdr_phy_top/u_qdr_rld_mc_phy/qdr_rld_phy_4lanes_2.u_qdr_rld_phy_4lanes/qdr_rld_byte_lane_D.qdr_rld_byte_lane_D/post_fifo.qdr_rld_if_post_fifo/mem_reg_0_3_42_47/RAMC/I,min,-0.119,0,0
u_mig_qdr_rev4/u_mig_qdr_rev4_mig/u_qdr_phy_top/u_qdr_rld_mc_phy/qdr_rld_phy_4lanes_2.u_qdr_rld_phy_4lanes/qdr_rld_byte_lane_D.qdr_rld_byte_lane_D/in_fifo_inst.in_fifo/RDCLK,u_mig_qdr_rev4/u_mig_qdr_rev4_mig/u_qdr_phy_top/u_qdr_rld_mc_phy/qdr_rld_phy_4lanes_2.u_qdr_rld_phy_4lanes/qdr_rld_byte_lane_D.qdr_rld_byte_lane_D/post_fifo.qdr_rld_if_post_fifo/mem_reg_0_3_48_53/RAMC/I,min,-0.119,0,0
u_mig_qdr_rev4/u_mig_qdr_rev4_mig/u_qdr_phy_top/u_qdr_rld_mc_phy/qdr_rld_phy_4lanes_2.u_qdr_rld_phy_4lanes/qdr_rld_byte_lane_C.qdr_rld_byte_lane_C/in_fifo_inst.in_fifo/RDCLK,u_mig_qdr_rev4/u_mig_qdr_rev4_mig/u_qdr_phy_top/u_qdr_rld_mc_phy/qdr_rld_phy_4lanes_2.u_qdr_rld_phy_4lanes/qdr_rld_byte_lane_C.qdr_rld_byte_lane_C/post_fifo.qdr_rld_if_post_fifo/mem_reg_0_3_66_71/RAMB/I,min,-0.117,0,0
u_mig_qdr_rev4/u_mig_qdr_rev4_mig/u_qdr_phy_top/u_qdr_rld_mc_phy/qdr_rld_phy_4lanes_2.u_qdr_rld_phy_4lanes/qdr_rld_byte_lane_D.qdr_rld_byte_lane_D/in_fifo_inst.in_fifo/RDCLK,u_mig_qdr_rev4/u_mig_qdr_rev4_mig/u_qdr_phy_top/u_qdr_rld_mc_phy/qdr_rld_phy_4lanes_2.u_qdr_rld_phy_4lanes/qdr_rld_byte_lane_D.qdr_rld_byte_lane_D/post_fifo.qdr_rld_if_post_fifo/mem_reg_0_3_66_71/RAMB/I,min,-0.117,0,0
u_mig_qdr_rev4/u_mig_qdr_rev4_mig/u_qdr_phy_top/u_qdr_rld_mc_phy/qdr_rld_phy_4lanes_2.u_qdr_rld_phy_4lanes/qdr_rld_byte_lane_C.qdr_rld_byte_lane_C/in_fifo_inst.in_fifo/RDCLK,u_mig_qdr_rev4/u_mig_qdr_rev4_mig/u_qdr_phy_top/u_qdr_rld_mc_phy/qdr_rld_phy_4lanes_2.u_qdr_rld_phy_4lanes/qdr_rld_byte_lane_C.qdr_rld_byte_lane_C/post_fifo.qdr_rld_if_post_fifo/mem_reg_0_3_66_71/RAMA/I,min,-0.116,0,0
u_mig_qdr_rev4/u_mig_qdr_rev4_mig/u_qdr_phy_top/u_qdr_rld_mc_phy/qdr_rld_phy_4lanes_2.u_qdr_rld_phy_4lanes/qdr_rld_byte_lane_D.qdr_rld_byte_lane_D/in_fifo_inst.in_fifo/RDCLK,u_mig_qdr_rev4/u_mig_qdr_rev4_mig/u_qdr_phy_top/u_qdr_rld_mc_phy/qdr_rld_phy_4lanes_2.u_qdr_rld_phy_4lanes/qdr_rld_byte_lane_D.qdr_rld_byte_lane_D/post_fifo.qdr_rld_if_post_fifo/mem_reg_0_3_66_71/RAMA/I,min,-0.116,0,0
u_mig_qdr_rev4/u_mig_qdr_rev4_mig/u_qdr_phy_top/u_qdr_rld_mc_phy/qdr_rld_phy_4lanes_2.u_qdr_rld_phy_4lanes/qdr_rld_byte_lane_C.qdr_rld_byte_lane_C/in_fifo_inst.in_fifo/RDCLK,u_mig_qdr_rev4/u_mig_qdr_rev4_mig/u_qdr_phy_top/u_qdr_rld_mc_phy/qdr_rld_phy_4lanes_2.u_qdr_rld_phy_4lanes/qdr_rld_byte_lane_C.qdr_rld_byte_lane_C/post_fifo.qdr_rld_if_post_fifo/mem_reg_0_3_60_65/RAMC/I,min,-0.114,0,0
u_mig_qdr_rev4/u_mig_qdr_rev4_mig/u_qdr_phy_top/u_qdr_rld_mc_phy/qdr_rld_phy_4lanes_2.u_qdr_rld_phy_4lanes/qdr_rld_byte_lane_C.qdr_rld_byte_lane_C/in_fifo_inst.in_fifo/RDCLK,u_mig_qdr_rev4/u_mig_qdr_rev4_mig/u_qdr_phy_top/u_qdr_rld_mc_phy/qdr_rld_phy_4lanes_2.u_qdr_rld_phy_4lanes/qdr_rld_byte_lane_C.qdr_rld_byte_lane_C/post_fifo.qdr_rld_if_post_fifo/mem_reg_0_3_66_71/RAMC/I,min,-0.114,0,0
u_mig_qdr_rev4/u_mig_qdr_rev4_mig/u_qdr_phy_top/u_qdr_rld_mc_phy/qdr_rld_phy_4lanes_2.u_qdr_rld_phy_4lanes/qdr_rld_byte_lane_D.qdr_rld_byte_lane_D/in_fifo_inst.in_fifo/RDCLK,u_mig_qdr_rev4/u_mig_qdr_rev4_mig/u_qdr_phy_top/u_qdr_rld_mc_phy/qdr_rld_phy_4lanes_2.u_qdr_rld_phy_4lanes/qdr_rld_byte_lane_D.qdr_rld_byte_lane_D/post_fifo.qdr_rld_if_post_fifo/mem_reg_0_3_60_65/RAMC/I,min,-0.114,0,0
u_mig_qdr_rev4/u_mig_qdr_rev4_mig/u_qdr_phy_top/u_qdr_rld_mc_phy/qdr_rld_phy_4lanes_2.u_qdr_rld_phy_4lanes/qdr_rld_byte_lane_D.qdr_rld_byte_lane_D/in_fifo_inst.in_fifo/RDCLK,u_mig_qdr_rev4/u_mig_qdr_rev4_mig/u_qdr_phy_top/u_qdr_rld_mc_phy/qdr_rld_phy_4lanes_2.u_qdr_rld_phy_4lanes/qdr_rld_byte_lane_D.qdr_rld_byte_lane_D/post_fifo.qdr_rld_if_post_fifo/mem_reg_0_3_66_71/RAMC/I,min,-0.114,0,0
u_mig_qdr_rev4/u_mig_qdr_rev4_mig/u_qdr_phy_top/u_qdr_rld_mc_phy/qdr_rld_phy_4lanes_2.u_qdr_rld_phy_4lanes/qdr_rld_byte_lane_C.qdr_rld_byte_lane_C/in_fifo_inst.in_fifo/RDCLK,u_mig_qdr_rev4/u_mig_qdr_rev4_mig/u_qdr_phy_top/u_qdr_rld_mc_phy/qdr_rld_phy_4lanes_2.u_qdr_rld_phy_4lanes/qdr_rld_byte_lane_C.qdr_rld_byte_lane_C/post_fifo.qdr_rld_if_post_fifo/mem_reg_0_3_54_59/RAMB/I,min,-0.112,0,0
